2026-09-23T12:49:54.519809-04:00  fetch failed for AAPL: all data sources failed for AAPL: fetch_symbol_yahoo: HTTP Error 429: Too Many Requests
2026-09-23T12:50:05.451044-04:00  fetch failed for MSFT: all data sources failed for MSFT: fetch_symbol_yahoo: HTTP Error 429: Too Many Requests
2026-09-23T12:50:16.485694-04:00  fetch failed for GOOG: all data sources failed for GOOG: fetch_symbol_yahoo: HTTP Error 429: Too Many Requests
2026-09-23T12:50:27.363718-04:00  fetch failed for AMZN: all data sources failed for AMZN: fetch_symbol_yahoo: HTTP Error 429: Too Many Requests
2026-09-23T12:50:38.019633-04:00  fetch failed for NVDA: all data sources failed for NVDA: fetch_symbol_yahoo: HTTP Error 429: Too Many Requests
2026-09-23T12:50:38.019730-04:00  no new bars since last tick; holding
2026-09-23T20:08:18.697584-04:00  fetch failed for AAPL: all data sources failed for AAPL: fetch_symbol_yahoo: HTTP Error 429: Too Many Requests
2026-09-23T20:08:29.397226-04:00  fetch failed for MSFT: all data sources failed for MSFT: fetch_symbol_yahoo: HTTP Error 429: Too Many Requests
2026-09-23T20:08:40.014192-04:00  fetch failed for GOOG: all data sources failed for GOOG: fetch_symbol_yahoo: HTTP Error 429: Too Many Requests
2026-09-23T20:08:50.611670-04:00  fetch failed for AMZN: all data sources failed for AMZN: fetch_symbol_yahoo: HTTP Error 429: Too Many Requests
2026-09-23T20:08:56.091912-04:00  tick done: 0 order(s), equity ~$100,000.00
2026-09-23T22:29:20.077976-04:00  backfilled 1 bars for AAPL
2026-09-23T22:29:20.167802-04:00  backfilled 1 bars for MSFT
2026-09-23T22:29:20.256892-04:00  backfilled 1 bars for GOOG
2026-09-23T22:29:20.345983-04:00  backfilled 1 bars for AMZN
2026-09-23T22:29:20.552281-04:00  tick done: 0 order(s), equity ~$100,000.00
2026-09-23T22:32:44.910371-04:00  backfilled 120 bars for AAPL
2026-09-23T22:32:45.091087-04:00  backfilled 120 bars for MSFT
2026-09-23T22:32:45.265428-04:00  backfilled 120 bars for GOOG
2026-09-23T22:32:45.459073-04:00  backfilled 120 bars for AMZN
2026-09-23T22:32:45.631489-04:00  backfilled 120 bars for NVDA
2026-09-23T22:32:46.106188-04:00  ORDER buy 142.6426 AAPL @~333.00  (target 48%)
2026-09-23T22:32:46.428701-04:00  ORDER buy 93.9255 MSFT @~505.72  (target 48%)
2026-09-23T22:32:46.517456-04:00  tick done: 2 order(s), equity ~$100,000.00
2026-09-23T22:39:44.618607-04:00  no new bars since last tick; holding
2026-09-24T20:10:24.207781-04:00  ORDER buy 0.9077 AAPL @~331.33  (target 48%)
2026-09-24T20:10:24.356577-04:00  ORDER buy 2.2522 MSFT @~497.11  (target 48%)
2026-09-24T20:10:24.478354-04:00  tick done: 2 order(s), equity ~$100,236.13
2026-09-25T20:16:50.987035-04:00  no new bars since last tick; holding
2026-09-28T21:22:12.344686-04:00  ORDER buy 145.1315 NVDA @~219.40  (target 32%)
2026-09-28T21:22:12.400691-04:00  ORDER sell 47.5390 AAPL @~337.09  (target 32%)
2026-09-28T21:22:12.457290-04:00  ORDER sell 31.0181 MSFT @~497.67  (target 32%)
2026-09-28T21:22:12.516885-04:00  tick done: 3 order(s), equity ~$101,740.25
2026-09-29T20:55:06.943178-04:00  ORDER sell 39.2619 NVDA @~222.04  (target 24%)
2026-09-29T20:55:07.508533-04:00  ORDER sell 25.0686 AAPL @~335.73  (target 24%)
2026-09-29T20:55:07.706118-04:00  ORDER sell 16.3868 MSFT @~493.10  (target 24%)
2026-09-29T20:55:07.895188-04:00  ORDER buy 92.5427 AMZN @~253.70  (target 24%)
2026-09-29T20:55:08.081615-04:00  tick done: 4 order(s), equity ~$100,277.46
2026-09-30T20:56:02.999658-04:00  ORDER buy 0.1660 NVDA @~227.30  (target 24%)
2026-09-30T20:56:03.074202-04:00  ORDER buy 1.1845 AAPL @~339.00  (target 24%)
2026-09-30T20:56:03.074304-04:00  ORDER buy 0.1053 MSFT @~501.64  (target 24%)
2026-09-30T20:56:03.237659-04:00  ORDER buy 1.3865 AMZN @~258.40  (target 24%)
2026-09-30T20:56:03.281804-04:00  tick done: 4 order(s), equity ~$101,304.53
2026-10-01T21:12:37.186954-04:00  ORDER sell 0.8141 NVDA @~228.85  (target 24%)
2026-10-01T21:12:37.187035-04:00  ORDER sell 0.1694 AAPL @~339.85  (target 24%)
2026-10-01T21:12:37.187073-04:00  ORDER buy 0.3369 MSFT @~498.00  (target 24%)
2026-10-01T21:12:37.246159-04:00  ORDER buy 1.4047 AMZN @~254.99  (target 24%)
2026-10-01T21:12:37.287467-04:00  tick done: 4 order(s), equity ~$101,240.56
